2026-08-06 09:28:56.853 Uvicorn server started on :::8501
2026-08-06 09:28:59.208 Did not auto detect external IP.
Please go to https://docs.streamlit.io/ for debugging hints.
2026-08-06 09:40:55.463 Uncaught app execution
Traceback (most recent call last):
  File "D:\VSF\.venv\Lib\site-packages\streamlit\runtime\scriptrunner\exec_code.py", line 129, in exec_func_with_error_handling
    result = func()
             ^^^^^^
  File "D:\VSF\.venv\Lib\site-packages\streamlit\runtime\scriptrunner\script_runner.py", line 795, in code_to_exec
    exec(code, module.__dict__)  # noqa: S102
    ^^^^^^^^^^^^^^^^^^^^^^^^^^^
  File "D:\VSF\src\dashboard\app.py", line 235, in <module>
    main()
  File "D:\VSF\src\dashboard\app.py", line 231, in main
    render_dashboard()
  File "D:\VSF\src\dashboard\kbc_daily_dashboard.py", line 521, in render_dashboard
    _render_overview(daily, filtered_pairs, filtered_reasons, filtered_flags)
  File "D:\VSF\src\dashboard\kbc_daily_dashboard.py", line 313, in _render_overview
    _plot_or_table(
  File "D:\VSF\src\dashboard\kbc_daily_dashboard.py", line 54, in _plot_or_table
    st.plotly_chart(plotter(frame), width="stretch")
                    ^^^^^^^^^^^^^^
  File "D:\VSF\src\dashboard\kbc_daily_dashboard.py", line 316, in <lambda>
    lambda frame: px.scatter(
                  ^^^^^^^^^^^
  File "D:\VSF\.venv\Lib\site-packages\plotly\express\_chart_types.py", line 69, in scatter
    return make_figure(args=locals(), constructor=go.Scatter)
           ^^^^^^^^^^^^^^^^^^^^^^^^^^^^^^^^^^^^^^^^^^^^^^^^^^
  File "D:\VSF\.venv\Lib\site-packages\plotly\express\_core.py", line 2520, in make_figure
    args = build_dataframe(args, constructor)
           ^^^^^^^^^^^^^^^^^^^^^^^^^^^^^^^^^^
  File "D:\VSF\.venv\Lib\site-packages\plotly\express\_core.py", line 1763, in build_dataframe
    df_output, wide_id_vars = process_args_into_dataframe(
                              ^^^^^^^^^^^^^^^^^^^^^^^^^^^^
  File "D:\VSF\.venv\Lib\site-packages\plotly\express\_core.py", line 1364, in process_args_into_dataframe
    raise ValueError(err_msg)
ValueError: Value of 'hover_data_2' is not the name of a column in 'data_frame'. Expected one of ['driver_id', 'customer_id', 'linked_pair_count', 'component_size', 'priority_score'] but received: network_support_score
2026-08-06 09:46:52.523 Uncaught app execution
Traceback (most recent call last):
  File "D:\VSF\.venv\Lib\site-packages\streamlit\runtime\scriptrunner\exec_code.py", line 129, in exec_func_with_error_handling
    result = func()
             ^^^^^^
  File "D:\VSF\.venv\Lib\site-packages\streamlit\runtime\scriptrunner\script_runner.py", line 795, in code_to_exec
    exec(code, module.__dict__)  # noqa: S102
    ^^^^^^^^^^^^^^^^^^^^^^^^^^^
  File "D:\VSF\src\dashboard\app.py", line 235, in <module>
    main()
  File "D:\VSF\src\dashboard\app.py", line 231, in main
    render_dashboard()
  File "D:\VSF\src\dashboard\kbc_daily_dashboard.py", line 521, in render_dashboard
    _render_overview(daily, filtered_pairs, filtered_reasons, filtered_flags)
  File "D:\VSF\src\dashboard\kbc_daily_dashboard.py", line 313, in _render_overview
    _plot_or_table(
  File "D:\VSF\src\dashboard\kbc_daily_dashboard.py", line 54, in _plot_or_table
    st.plotly_chart(plotter(frame), width="stretch")
                    ^^^^^^^^^^^^^^
  File "D:\VSF\src\dashboard\kbc_daily_dashboard.py", line 316, in <lambda>
    lambda frame: px.scatter(
                  ^^^^^^^^^^^
  File "D:\VSF\.venv\Lib\site-packages\plotly\express\_chart_types.py", line 69, in scatter
    return make_figure(args=locals(), constructor=go.Scatter)
           ^^^^^^^^^^^^^^^^^^^^^^^^^^^^^^^^^^^^^^^^^^^^^^^^^^
  File "D:\VSF\.venv\Lib\site-packages\plotly\express\_core.py", line 2520, in make_figure
    args = build_dataframe(args, constructor)
           ^^^^^^^^^^^^^^^^^^^^^^^^^^^^^^^^^^
  File "D:\VSF\.venv\Lib\site-packages\plotly\express\_core.py", line 1763, in build_dataframe
    df_output, wide_id_vars = process_args_into_dataframe(
                              ^^^^^^^^^^^^^^^^^^^^^^^^^^^^
  File "D:\VSF\.venv\Lib\site-packages\plotly\express\_core.py", line 1364, in process_args_into_dataframe
    raise ValueError(err_msg)
ValueError: Value of 'hover_data_2' is not the name of a column in 'data_frame'. Expected one of ['driver_id', 'customer_id', 'linked_pair_count', 'component_size', 'priority_score'] but received: network_support_score
2026-08-06 09:48:58.308 Uncaught app execution
Traceback (most recent call last):
  File "D:\VSF\.venv\Lib\site-packages\streamlit\runtime\scriptrunner\exec_code.py", line 129, in exec_func_with_error_handling
    result = func()
             ^^^^^^
  File "D:\VSF\.venv\Lib\site-packages\streamlit\runtime\scriptrunner\script_runner.py", line 795, in code_to_exec
    exec(code, module.__dict__)  # noqa: S102
    ^^^^^^^^^^^^^^^^^^^^^^^^^^^
  File "D:\VSF\src\dashboard\app.py", line 235, in <module>
    main()
  File "D:\VSF\src\dashboard\app.py", line 231, in main
    render_dashboard()
  File "D:\VSF\src\dashboard\kbc_daily_dashboard.py", line 521, in render_dashboard
    _apply_style()
        ^^^^^^^^^^^
  File "D:\VSF\src\dashboard\kbc_daily_dashboard.py", line 313, in _render_overview
    network_columns = list(
  File "D:\VSF\src\dashboard\kbc_daily_dashboard.py", line 54, in _plot_or_table
    st.plotly_chart(plotter(frame), width="stretch")
                    ^^^^^^^^^^^^^^
  File "D:\VSF\src\dashboard\kbc_daily_dashboard.py", line 316, in <lambda>
    column
          
  File "D:\VSF\.venv\Lib\site-packages\plotly\express\_chart_types.py", line 69, in scatter
    return make_figure(args=locals(), constructor=go.Scatter)
           ^^^^^^^^^^^^^^^^^^^^^^^^^^^^^^^^^^^^^^^^^^^^^^^^^^
  File "D:\VSF\.venv\Lib\site-packages\plotly\express\_core.py", line 2520, in make_figure
    args = build_dataframe(args, constructor)
           ^^^^^^^^^^^^^^^^^^^^^^^^^^^^^^^^^^
  File "D:\VSF\.venv\Lib\site-packages\plotly\express\_core.py", line 1763, in build_dataframe
    df_output, wide_id_vars = process_args_into_dataframe(
                              ^^^^^^^^^^^^^^^^^^^^^^^^^^^^
  File "D:\VSF\.venv\Lib\site-packages\plotly\express\_core.py", line 1364, in process_args_into_dataframe
    raise ValueError(err_msg)
ValueError: Value of 'hover_data_2' is not the name of a column in 'data_frame'. Expected one of ['driver_id', 'customer_id', 'linked_pair_count', 'component_size', 'priority_score'] but received: network_support_score
Exception in callback _ProactorBasePipeTransport._call_connection_lost(None)
handle: <Handle _ProactorBasePipeTransport._call_connection_lost(None)>
Traceback (most recent call last):
  File "C:\Users\Admin\AppData\Local\Programs\Python\Python312\Lib\asyncio\events.py", line 88, in _run
    self._context.run(self._callback, *self._args)
  File "C:\Users\Admin\AppData\Local\Programs\Python\Python312\Lib\asyncio\proactor_events.py", line 165, in _call_connection_lost
    self._sock.shutdown(socket.SHUT_RDWR)
ConnectionResetError: [WinError 10054] An existing connection was forcibly closed by the remote host
2026-08-06 09:56:30.199 Uncaught app execution
Traceback (most recent call last):
  File "D:\VSF\.venv\Lib\site-packages\streamlit\runtime\scriptrunner\exec_code.py", line 129, in exec_func_with_error_handling
    result = func()
             ^^^^^^
  File "D:\VSF\.venv\Lib\site-packages\streamlit\runtime\scriptrunner\script_runner.py", line 795, in code_to_exec
    exec(code, module.__dict__)  # noqa: S102
    ^^^^^^^^^^^^^^^^^^^^^^^^^^^
  File "D:\VSF\src\dashboard\app.py", line 235, in <module>
    main()
  File "D:\VSF\src\dashboard\app.py", line 231, in main
    render_dashboard()
  File "D:\VSF\src\dashboard\kbc_daily_dashboard.py", line 521, in render_dashboard
    _apply_style()
        ^^^^^^^^^^^
  File "D:\VSF\src\dashboard\kbc_daily_dashboard.py", line 313, in _render_overview
    network_columns = list(
  File "D:\VSF\src\dashboard\kbc_daily_dashboard.py", line 54, in _plot_or_table
    st.plotly_chart(plotter(frame), width="stretch")
                    ^^^^^^^^^^^^^^
  File "D:\VSF\src\dashboard\kbc_daily_dashboard.py", line 316, in <lambda>
    column
          
  File "D:\VSF\.venv\Lib\site-packages\plotly\express\_chart_types.py", line 69, in scatter
    return make_figure(args=locals(), constructor=go.Scatter)
           ^^^^^^^^^^^^^^^^^^^^^^^^^^^^^^^^^^^^^^^^^^^^^^^^^^
  File "D:\VSF\.venv\Lib\site-packages\plotly\express\_core.py", line 2520, in make_figure
    args = build_dataframe(args, constructor)
           ^^^^^^^^^^^^^^^^^^^^^^^^^^^^^^^^^^
  File "D:\VSF\.venv\Lib\site-packages\plotly\express\_core.py", line 1763, in build_dataframe
    df_output, wide_id_vars = process_args_into_dataframe(
                              ^^^^^^^^^^^^^^^^^^^^^^^^^^^^
  File "D:\VSF\.venv\Lib\site-packages\plotly\express\_core.py", line 1364, in process_args_into_dataframe
    raise ValueError(err_msg)
ValueError: Value of 'hover_data_2' is not the name of a column in 'data_frame'. Expected one of ['driver_id', 'customer_id', 'linked_pair_count', 'component_size', 'priority_score'] but received: network_support_score
